I'm sorry, but errors were detected in your script. Please correct the
errors listed below, and try again.


File "game/script.rpy", line 1901: end of line expected.
    hide c1, c2, c3, darkenc1, darkenc3
           ^

Ren'Py Version: Ren'Py 8.3.7.25031702
Mon May 12 20:56:31 2025
